2026/07/17 11:08:53 [INFO    ] Start HTTP GET sampling script.
2026/07/17 11:08:53 [INFO    ] Parameters: KBYTE=90000, INTERVAL=120, SAMPLE=50, CLIENT=1, SAMPLE_PER_CLIENT=50, START_INTERVAL=120
2026/07/17 11:08:53 [INFO    ] GET URL: https://speed.cloudflare.com/__down?bytes=90000000
2026/07/17 11:08:53 [INFO    ] Client 000 started. Sampling 50 times.
2026/07/17 11:08:54 [INFO    ] client 000 on sample 1 Successfully got HTTP response.
2026/07/17 11:10:54 [INFO    ] client 000 on sample 2 Successfully got HTTP response.
2026/07/17 11:12:56 [INFO    ] client 000 on sample 3 Successfully got HTTP response.
2026/07/17 11:14:56 [INFO    ] client 000 on sample 4 Successfully got HTTP response.
2026/07/17 11:16:57 [INFO    ] client 000 on sample 5 Successfully got HTTP response.
2026/07/17 11:18:58 [INFO    ] client 000 on sample 6 Successfully got HTTP response.
2026/07/17 11:20:59 [INFO    ] client 000 on sample 7 Successfully got HTTP response.
2026/07/17 11:22:59 [INFO    ] client 000 on sample 8 Successfully got HTTP response.
2026/07/17 11:25:00 [INFO    ] client 000 on sample 9 Successfully got HTTP response.
2026/07/17 11:27:00 [INFO    ] client 000 on sample 10 Successfully got HTTP response.
2026/07/17 11:29:01 [INFO    ] client 000 on sample 11 Successfully got HTTP response.
2026/07/17 11:31:02 [INFO    ] client 000 on sample 12 Successfully got HTTP response.
2026/07/17 11:33:03 [INFO    ] client 000 on sample 13 Successfully got HTTP response.
2026/07/17 11:35:04 [INFO    ] client 000 on sample 14 Successfully got HTTP response.
2026/07/17 11:37:05 [INFO    ] client 000 on sample 15 Successfully got HTTP response.
2026/07/17 11:39:06 [INFO    ] client 000 on sample 16 Successfully got HTTP response.
2026/07/17 11:41:06 [INFO    ] client 000 on sample 17 Successfully got HTTP response.
2026/07/17 11:43:07 [INFO    ] client 000 on sample 18 Successfully got HTTP response.
2026/07/17 11:45:07 [INFO    ] client 000 on sample 19 Successfully got HTTP response.
2026/07/17 11:47:08 [INFO    ] client 000 on sample 20 Successfully got HTTP response.
2026/07/17 11:49:09 [INFO    ] client 000 on sample 21 Successfully got HTTP response.
2026/07/17 11:51:09 [INFO    ] client 000 on sample 22 Successfully got HTTP response.
2026/07/17 11:53:10 [INFO    ] client 000 on sample 23 Successfully got HTTP response.
2026/07/17 11:55:11 [INFO    ] client 000 on sample 24 Successfully got HTTP response.
2026/07/17 11:57:11 [INFO    ] client 000 on sample 25 Successfully got HTTP response.
2026/07/17 11:59:12 [INFO    ] client 000 on sample 26 Successfully got HTTP response.
2026/07/17 12:01:12 [INFO    ] client 000 on sample 27 Successfully got HTTP response.
2026/07/17 12:03:13 [INFO    ] client 000 on sample 28 Successfully got HTTP response.
2026/07/17 12:05:14 [INFO    ] client 000 on sample 29 Successfully got HTTP response.
2026/07/17 12:07:15 [INFO    ] client 000 on sample 30 Successfully got HTTP response.
2026/07/17 12:09:15 [INFO    ] client 000 on sample 31 Successfully got HTTP response.
2026/07/17 12:11:16 [INFO    ] client 000 on sample 32 Successfully got HTTP response.
2026/07/17 12:13:16 [INFO    ] client 000 on sample 33 Successfully got HTTP response.
2026/07/17 12:15:17 [INFO    ] client 000 on sample 34 Successfully got HTTP response.
2026/07/17 12:17:18 [INFO    ] client 000 on sample 35 Successfully got HTTP response.
2026/07/17 12:19:18 [INFO    ] client 000 on sample 36 Successfully got HTTP response.
2026/07/17 12:21:19 [INFO    ] client 000 on sample 37 Successfully got HTTP response.
2026/07/17 12:23:19 [INFO    ] client 000 on sample 38 Successfully got HTTP response.
2026/07/17 12:25:20 [INFO    ] client 000 on sample 39 Successfully got HTTP response.
2026/07/17 12:27:21 [INFO    ] client 000 on sample 40 Successfully got HTTP response.
2026/07/17 12:29:22 [INFO    ] client 000 on sample 41 Successfully got HTTP response.
2026/07/17 12:31:22 [INFO    ] client 000 on sample 42 Successfully got HTTP response.
2026/07/17 12:33:23 [INFO    ] client 000 on sample 43 Successfully got HTTP response.
2026/07/17 12:35:23 [INFO    ] client 000 on sample 44 Successfully got HTTP response.
2026/07/17 12:37:24 [INFO    ] client 000 on sample 45 Successfully got HTTP response.
2026/07/17 12:39:25 [INFO    ] client 000 on sample 46 Successfully got HTTP response.
2026/07/17 12:41:25 [INFO    ] client 000 on sample 47 Successfully got HTTP response.
2026/07/17 12:43:26 [INFO    ] client 000 on sample 48 Successfully got HTTP response.
2026/07/17 12:45:27 [INFO    ] client 000 on sample 49 Successfully got HTTP response.
2026/07/17 12:47:28 [INFO    ] client 000 on sample 50 Successfully got HTTP response.
2026/07/17 12:49:28 [INFO    ] All clients have completed sampling.
2026/07/17 12:49:28 [INFO    ] HTTP GET sampling script finished. REF: /tmp/sampling_get_http_192890/sampling_get_http_result.csv
