2026/08/07 14:19:35 [INFO    ] Start HTTP GET sampling script.
2026/08/07 14:19:35 [INFO    ] Parameters: KBYTE=90000, INTERVAL=120, SAMPLE=50, CLIENT=1, SAMPLE_PER_CLIENT=50, START_INTERVAL=120
2026/08/07 14:19:35 [INFO    ] GET URL: https://speed.cloudflare.com/__down?bytes=90000000
2026/08/07 14:19:35 [INFO    ] Client 000 started. Sampling 50 times.
2026/08/07 14:19:36 [INFO    ] client 000 on sample 1 Successfully got HTTP response.
2026/08/07 14:21:37 [INFO    ] client 000 on sample 2 Successfully got HTTP response.
2026/08/07 14:23:37 [INFO    ] client 000 on sample 3 Successfully got HTTP response.
2026/08/07 14:25:38 [INFO    ] client 000 on sample 4 Successfully got HTTP response.
2026/08/07 14:27:38 [INFO    ] client 000 on sample 5 Successfully got HTTP response.
2026/08/07 14:29:39 [INFO    ] client 000 on sample 6 Successfully got HTTP response.
2026/08/07 14:31:39 [INFO    ] client 000 on sample 7 Successfully got HTTP response.
2026/08/07 14:33:40 [INFO    ] client 000 on sample 8 Successfully got HTTP response.
2026/08/07 14:35:41 [INFO    ] client 000 on sample 9 Successfully got HTTP response.
2026/08/07 14:37:41 [INFO    ] client 000 on sample 10 Successfully got HTTP response.
2026/08/07 14:39:42 [INFO    ] client 000 on sample 11 Successfully got HTTP response.
2026/08/07 14:41:42 [INFO    ] client 000 on sample 12 Successfully got HTTP response.
2026/08/07 14:43:43 [INFO    ] client 000 on sample 13 Successfully got HTTP response.
2026/08/07 14:45:44 [INFO    ] client 000 on sample 14 Successfully got HTTP response.
2026/08/07 14:47:44 [INFO    ] client 000 on sample 15 Successfully got HTTP response.
2026/08/07 14:49:45 [INFO    ] client 000 on sample 16 Successfully got HTTP response.
2026/08/07 14:51:45 [INFO    ] client 000 on sample 17 Successfully got HTTP response.
2026/08/07 14:53:46 [INFO    ] client 000 on sample 18 Successfully got HTTP response.
2026/08/07 14:55:46 [INFO    ] client 000 on sample 19 Successfully got HTTP response.
2026/08/07 14:57:46 [INFO    ] client 000 on sample 20 Successfully got HTTP response.
2026/08/07 14:59:47 [INFO    ] client 000 on sample 21 Successfully got HTTP response.
2026/08/07 15:01:47 [INFO    ] client 000 on sample 22 Successfully got HTTP response.
2026/08/07 15:03:48 [INFO    ] client 000 on sample 23 Successfully got HTTP response.
2026/08/07 15:05:48 [INFO    ] client 000 on sample 24 Successfully got HTTP response.
2026/08/07 15:07:49 [INFO    ] client 000 on sample 25 Successfully got HTTP response.
2026/08/07 15:09:49 [INFO    ] client 000 on sample 26 Successfully got HTTP response.
2026/08/07 15:11:50 [INFO    ] client 000 on sample 27 Successfully got HTTP response.
2026/08/07 15:13:50 [INFO    ] client 000 on sample 28 Successfully got HTTP response.
2026/08/07 15:15:51 [INFO    ] client 000 on sample 29 Successfully got HTTP response.
2026/08/07 15:17:51 [INFO    ] client 000 on sample 30 Successfully got HTTP response.
2026/08/07 15:19:52 [INFO    ] client 000 on sample 31 Successfully got HTTP response.
2026/08/07 15:21:52 [INFO    ] client 000 on sample 32 Successfully got HTTP response.
2026/08/07 15:23:53 [INFO    ] client 000 on sample 33 Successfully got HTTP response.
2026/08/07 15:25:53 [INFO    ] client 000 on sample 34 Successfully got HTTP response.
2026/08/07 15:27:53 [INFO    ] client 000 on sample 35 Successfully got HTTP response.
2026/08/07 15:29:56 [INFO    ] client 000 on sample 36 Successfully got HTTP response.
2026/08/07 15:31:56 [INFO    ] client 000 on sample 37 Successfully got HTTP response.
2026/08/07 15:33:57 [INFO    ] client 000 on sample 38 Successfully got HTTP response.
2026/08/07 15:35:57 [INFO    ] client 000 on sample 39 Successfully got HTTP response.
2026/08/07 15:37:58 [INFO    ] client 000 on sample 40 Successfully got HTTP response.
2026/08/07 15:39:58 [INFO    ] client 000 on sample 41 Successfully got HTTP response.
2026/08/07 15:41:58 [INFO    ] client 000 on sample 42 Successfully got HTTP response.
2026/08/07 15:43:59 [INFO    ] client 000 on sample 43 Successfully got HTTP response.
2026/08/07 15:45:59 [INFO    ] client 000 on sample 44 Successfully got HTTP response.
2026/08/07 15:48:00 [INFO    ] client 000 on sample 45 Successfully got HTTP response.
2026/08/07 15:50:00 [INFO    ] client 000 on sample 46 Successfully got HTTP response.
2026/08/07 15:52:01 [INFO    ] client 000 on sample 47 Successfully got HTTP response.
2026/08/07 15:54:01 [INFO    ] client 000 on sample 48 Successfully got HTTP response.
2026/08/07 15:56:02 [INFO    ] client 000 on sample 49 Successfully got HTTP response.
2026/08/07 15:58:02 [INFO    ] client 000 on sample 50 Successfully got HTTP response.
2026/08/07 16:00:02 [INFO    ] All clients have completed sampling.
2026/08/07 16:00:02 [INFO    ] HTTP GET sampling script finished. REF: /tmp/sampling_get_http_2436409/sampling_get_http_result.csv
