2026/07/17 09:28:16 [INFO    ] Start HTTP GET sampling script.
2026/07/17 09:28:16 [INFO    ] Parameters: KBYTE=50000, INTERVAL=120, SAMPLE=50, CLIENT=1, SAMPLE_PER_CLIENT=50, START_INTERVAL=120
2026/07/17 09:28:16 [INFO    ] GET URL: https://speed.cloudflare.com/__down?bytes=50000000
2026/07/17 09:28:16 [INFO    ] Client 000 started. Sampling 50 times.
2026/07/17 09:28:17 [INFO    ] client 000 on sample 1 Successfully got HTTP response.
2026/07/17 09:30:17 [INFO    ] client 000 on sample 2 Successfully got HTTP response.
2026/07/17 09:32:17 [INFO    ] client 000 on sample 3 Successfully got HTTP response.
2026/07/17 09:34:18 [INFO    ] client 000 on sample 4 Successfully got HTTP response.
2026/07/17 09:36:18 [INFO    ] client 000 on sample 5 Successfully got HTTP response.
2026/07/17 09:38:19 [INFO    ] client 000 on sample 6 Successfully got HTTP response.
2026/07/17 09:40:19 [INFO    ] client 000 on sample 7 Successfully got HTTP response.
2026/07/17 09:42:19 [INFO    ] client 000 on sample 8 Successfully got HTTP response.
2026/07/17 09:44:20 [INFO    ] client 000 on sample 9 Successfully got HTTP response.
2026/07/17 09:46:20 [INFO    ] client 000 on sample 10 Successfully got HTTP response.
2026/07/17 09:48:20 [INFO    ] client 000 on sample 11 Successfully got HTTP response.
2026/07/17 09:50:21 [INFO    ] client 000 on sample 12 Successfully got HTTP response.
2026/07/17 09:52:21 [INFO    ] client 000 on sample 13 Successfully got HTTP response.
2026/07/17 09:54:22 [INFO    ] client 000 on sample 14 Successfully got HTTP response.
2026/07/17 09:56:22 [INFO    ] client 000 on sample 15 Successfully got HTTP response.
2026/07/17 09:58:22 [INFO    ] client 000 on sample 16 Successfully got HTTP response.
2026/07/17 10:00:23 [INFO    ] client 000 on sample 17 Successfully got HTTP response.
2026/07/17 10:02:23 [INFO    ] client 000 on sample 18 Successfully got HTTP response.
2026/07/17 10:04:24 [INFO    ] client 000 on sample 19 Successfully got HTTP response.
2026/07/17 10:06:24 [INFO    ] client 000 on sample 20 Successfully got HTTP response.
2026/07/17 10:08:25 [INFO    ] client 000 on sample 21 Successfully got HTTP response.
2026/07/17 10:10:25 [INFO    ] client 000 on sample 22 Successfully got HTTP response.
2026/07/17 10:12:25 [INFO    ] client 000 on sample 23 Successfully got HTTP response.
2026/07/17 10:14:26 [INFO    ] client 000 on sample 24 Successfully got HTTP response.
2026/07/17 10:16:26 [INFO    ] client 000 on sample 25 Successfully got HTTP response.
2026/07/17 10:18:27 [INFO    ] client 000 on sample 26 Successfully got HTTP response.
2026/07/17 10:20:27 [INFO    ] client 000 on sample 27 Successfully got HTTP response.
2026/07/17 10:22:28 [INFO    ] client 000 on sample 28 Successfully got HTTP response.
2026/07/17 10:24:28 [INFO    ] client 000 on sample 29 Successfully got HTTP response.
2026/07/17 10:26:28 [INFO    ] client 000 on sample 30 Successfully got HTTP response.
2026/07/17 10:28:29 [INFO    ] client 000 on sample 31 Successfully got HTTP response.
2026/07/17 10:30:29 [INFO    ] client 000 on sample 32 Successfully got HTTP response.
2026/07/17 10:32:30 [INFO    ] client 000 on sample 33 Successfully got HTTP response.
2026/07/17 10:34:30 [INFO    ] client 000 on sample 34 Successfully got HTTP response.
2026/07/17 10:36:31 [INFO    ] client 000 on sample 35 Successfully got HTTP response.
2026/07/17 10:38:31 [INFO    ] client 000 on sample 36 Successfully got HTTP response.
2026/07/17 10:40:32 [INFO    ] client 000 on sample 37 Successfully got HTTP response.
2026/07/17 10:42:32 [INFO    ] client 000 on sample 38 Successfully got HTTP response.
2026/07/17 10:44:33 [INFO    ] client 000 on sample 39 Successfully got HTTP response.
2026/07/17 10:46:33 [INFO    ] client 000 on sample 40 Successfully got HTTP response.
2026/07/17 10:48:33 [INFO    ] client 000 on sample 41 Successfully got HTTP response.
2026/07/17 10:50:34 [INFO    ] client 000 on sample 42 Successfully got HTTP response.
2026/07/17 10:52:34 [INFO    ] client 000 on sample 43 Successfully got HTTP response.
2026/07/17 10:54:35 [INFO    ] client 000 on sample 44 Successfully got HTTP response.
2026/07/17 10:56:35 [INFO    ] client 000 on sample 45 Successfully got HTTP response.
2026/07/17 10:58:36 [INFO    ] client 000 on sample 46 Successfully got HTTP response.
2026/07/17 11:00:36 [INFO    ] client 000 on sample 47 Successfully got HTTP response.
2026/07/17 11:02:37 [INFO    ] client 000 on sample 48 Successfully got HTTP response.
2026/07/17 11:04:37 [INFO    ] client 000 on sample 49 Successfully got HTTP response.
2026/07/17 11:06:37 [INFO    ] client 000 on sample 50 Successfully got HTTP response.
2026/07/17 11:08:37 [INFO    ] All clients have completed sampling.
2026/07/17 11:08:37 [INFO    ] HTTP GET sampling script finished. REF: /tmp/sampling_get_http_175225/sampling_get_http_result.csv
