2026/08/03 09:34:50 [INFO    ] Start HTTP GET sampling script.
2026/08/03 09:34:50 [INFO    ] Parameters: KBYTE=50000, INTERVAL=120, SAMPLE=50, CLIENT=1, SAMPLE_PER_CLIENT=50, START_INTERVAL=120
2026/08/03 09:34:50 [INFO    ] GET URL: https://speed.cloudflare.com/__down?bytes=50000000
2026/08/03 09:34:50 [INFO    ] Client 000 started. Sampling 50 times.
2026/08/03 09:34:50 [INFO    ] client 000 on sample 1 Successfully got HTTP response.
2026/08/03 09:36:51 [INFO    ] client 000 on sample 2 Successfully got HTTP response.
2026/08/03 09:38:51 [INFO    ] client 000 on sample 3 Successfully got HTTP response.
2026/08/03 09:40:52 [INFO    ] client 000 on sample 4 Successfully got HTTP response.
2026/08/03 09:42:52 [INFO    ] client 000 on sample 5 Successfully got HTTP response.
2026/08/03 09:44:52 [INFO    ] client 000 on sample 6 Successfully got HTTP response.
2026/08/03 09:46:52 [INFO    ] client 000 on sample 7 Successfully got HTTP response.
2026/08/03 09:48:53 [INFO    ] client 000 on sample 8 Successfully got HTTP response.
2026/08/03 09:50:54 [INFO    ] client 000 on sample 9 Successfully got HTTP response.
2026/08/03 09:52:54 [INFO    ] client 000 on sample 10 Successfully got HTTP response.
2026/08/03 09:54:54 [INFO    ] client 000 on sample 11 Successfully got HTTP response.
2026/08/03 09:56:55 [INFO    ] client 000 on sample 12 Successfully got HTTP response.
2026/08/03 09:58:55 [INFO    ] client 000 on sample 13 Successfully got HTTP response.
2026/08/03 10:00:55 [INFO    ] client 000 on sample 14 Successfully got HTTP response.
2026/08/03 10:02:56 [INFO    ] client 000 on sample 15 Successfully got HTTP response.
2026/08/03 10:04:56 [INFO    ] client 000 on sample 16 Successfully got HTTP response.
2026/08/03 10:06:56 [INFO    ] client 000 on sample 17 Successfully got HTTP response.
2026/08/03 10:08:57 [INFO    ] client 000 on sample 18 Successfully got HTTP response.
2026/08/03 10:10:57 [INFO    ] client 000 on sample 19 Successfully got HTTP response.
2026/08/03 10:12:57 [INFO    ] client 000 on sample 20 Successfully got HTTP response.
2026/08/03 10:14:58 [INFO    ] client 000 on sample 21 Successfully got HTTP response.
2026/08/03 10:16:58 [INFO    ] client 000 on sample 22 Successfully got HTTP response.
2026/08/03 10:18:59 [INFO    ] client 000 on sample 23 Successfully got HTTP response.
2026/08/03 10:20:59 [INFO    ] client 000 on sample 24 Successfully got HTTP response.
2026/08/03 10:22:59 [INFO    ] client 000 on sample 25 Successfully got HTTP response.
2026/08/03 10:25:00 [INFO    ] client 000 on sample 26 Successfully got HTTP response.
2026/08/03 10:27:00 [INFO    ] client 000 on sample 27 Successfully got HTTP response.
2026/08/03 10:29:00 [INFO    ] client 000 on sample 28 Successfully got HTTP response.
2026/08/03 10:31:00 [INFO    ] client 000 on sample 29 Successfully got HTTP response.
2026/08/03 10:33:01 [INFO    ] client 000 on sample 30 Successfully got HTTP response.
2026/08/03 10:35:01 [INFO    ] client 000 on sample 31 Successfully got HTTP response.
2026/08/03 10:37:01 [INFO    ] client 000 on sample 32 Successfully got HTTP response.
2026/08/03 10:39:02 [INFO    ] client 000 on sample 33 Successfully got HTTP response.
2026/08/03 10:41:02 [INFO    ] client 000 on sample 34 Successfully got HTTP response.
2026/08/03 10:43:02 [INFO    ] client 000 on sample 35 Successfully got HTTP response.
2026/08/03 10:45:03 [INFO    ] client 000 on sample 36 Successfully got HTTP response.
2026/08/03 10:47:03 [INFO    ] client 000 on sample 37 Successfully got HTTP response.
2026/08/03 10:49:04 [INFO    ] client 000 on sample 38 Successfully got HTTP response.
2026/08/03 10:51:04 [INFO    ] client 000 on sample 39 Successfully got HTTP response.
2026/08/03 10:53:04 [INFO    ] client 000 on sample 40 Successfully got HTTP response.
2026/08/03 10:55:04 [INFO    ] client 000 on sample 41 Successfully got HTTP response.
2026/08/03 10:57:05 [INFO    ] client 000 on sample 42 Successfully got HTTP response.
2026/08/03 10:59:05 [INFO    ] client 000 on sample 43 Successfully got HTTP response.
2026/08/03 11:01:06 [INFO    ] client 000 on sample 44 Successfully got HTTP response.
2026/08/03 11:03:06 [INFO    ] client 000 on sample 45 Successfully got HTTP response.
2026/08/03 11:05:07 [INFO    ] client 000 on sample 46 Successfully got HTTP response.
2026/08/03 11:07:07 [INFO    ] client 000 on sample 47 Successfully got HTTP response.
2026/08/03 11:09:07 [INFO    ] client 000 on sample 48 Successfully got HTTP response.
2026/08/03 11:11:08 [INFO    ] client 000 on sample 49 Successfully got HTTP response.
2026/08/03 11:13:08 [INFO    ] client 000 on sample 50 Successfully got HTTP response.
2026/08/03 11:15:08 [INFO    ] All clients have completed sampling.
2026/08/03 11:15:08 [INFO    ] HTTP GET sampling script finished. REF: /tmp/sampling_get_http_1480101/sampling_get_http_result.csv
