2026/08/06 15:03:02 [INFO    ] Start HTTP GET sampling script.
2026/08/06 15:03:02 [INFO    ] Parameters: KBYTE=90000, INTERVAL=120, SAMPLE=50, CLIENT=1, SAMPLE_PER_CLIENT=50, START_INTERVAL=120
2026/08/06 15:03:02 [INFO    ] GET URL: https://speed.cloudflare.com/__down?bytes=90000000
2026/08/06 15:03:02 [INFO    ] Client 000 started. Sampling 50 times.
2026/08/06 15:03:03 [INFO    ] client 000 on sample 1 Successfully got HTTP response.
2026/08/06 15:05:03 [INFO    ] client 000 on sample 2 Successfully got HTTP response.
2026/08/06 15:07:04 [INFO    ] client 000 on sample 3 Successfully got HTTP response.
2026/08/06 15:09:04 [INFO    ] client 000 on sample 4 Successfully got HTTP response.
2026/08/06 15:11:05 [INFO    ] client 000 on sample 5 Successfully got HTTP response.
2026/08/06 15:13:06 [INFO    ] client 000 on sample 6 Successfully got HTTP response.
2026/08/06 15:15:06 [INFO    ] client 000 on sample 7 Successfully got HTTP response.
2026/08/06 15:17:07 [INFO    ] client 000 on sample 8 Successfully got HTTP response.
2026/08/06 15:19:08 [INFO    ] client 000 on sample 9 Successfully got HTTP response.
2026/08/06 15:21:08 [INFO    ] client 000 on sample 10 Successfully got HTTP response.
2026/08/06 15:23:09 [INFO    ] client 000 on sample 11 Successfully got HTTP response.
2026/08/06 15:25:09 [INFO    ] client 000 on sample 12 Successfully got HTTP response.
2026/08/06 15:27:10 [INFO    ] client 000 on sample 13 Successfully got HTTP response.
2026/08/06 15:29:10 [INFO    ] client 000 on sample 14 Successfully got HTTP response.
2026/08/06 15:31:12 [INFO    ] client 000 on sample 15 Successfully got HTTP response.
2026/08/06 15:33:13 [INFO    ] client 000 on sample 16 Successfully got HTTP response.
2026/08/06 15:35:13 [INFO    ] client 000 on sample 17 Successfully got HTTP response.
2026/08/06 15:37:14 [INFO    ] client 000 on sample 18 Successfully got HTTP response.
2026/08/06 15:39:14 [INFO    ] client 000 on sample 19 Successfully got HTTP response.
2026/08/06 15:41:15 [INFO    ] client 000 on sample 20 Successfully got HTTP response.
2026/08/06 15:43:16 [INFO    ] client 000 on sample 21 Successfully got HTTP response.
2026/08/06 15:45:17 [INFO    ] client 000 on sample 22 Successfully got HTTP response.
2026/08/06 15:47:17 [INFO    ] client 000 on sample 23 Successfully got HTTP response.
2026/08/06 15:49:18 [INFO    ] client 000 on sample 24 Successfully got HTTP response.
2026/08/06 15:51:19 [INFO    ] client 000 on sample 25 Successfully got HTTP response.
2026/08/06 15:53:20 [INFO    ] client 000 on sample 26 Successfully got HTTP response.
2026/08/06 15:55:21 [INFO    ] client 000 on sample 27 Successfully got HTTP response.
2026/08/06 15:57:22 [INFO    ] client 000 on sample 28 Successfully got HTTP response.
2026/08/06 15:59:22 [INFO    ] client 000 on sample 29 Successfully got HTTP response.
2026/08/06 16:01:23 [INFO    ] client 000 on sample 30 Successfully got HTTP response.
2026/08/06 16:03:23 [INFO    ] client 000 on sample 31 Successfully got HTTP response.
2026/08/06 16:05:24 [INFO    ] client 000 on sample 32 Successfully got HTTP response.
2026/08/06 16:07:25 [INFO    ] client 000 on sample 33 Successfully got HTTP response.
2026/08/06 16:09:26 [INFO    ] client 000 on sample 34 Successfully got HTTP response.
2026/08/06 16:11:27 [INFO    ] client 000 on sample 35 Successfully got HTTP response.
2026/08/06 16:13:27 [INFO    ] client 000 on sample 36 Successfully got HTTP response.
2026/08/06 16:15:28 [INFO    ] client 000 on sample 37 Successfully got HTTP response.
2026/08/06 16:17:29 [INFO    ] client 000 on sample 38 Successfully got HTTP response.
2026/08/06 16:19:30 [INFO    ] client 000 on sample 39 Successfully got HTTP response.
2026/08/06 16:21:30 [INFO    ] client 000 on sample 40 Successfully got HTTP response.
2026/08/06 16:23:31 [INFO    ] client 000 on sample 41 Successfully got HTTP response.
2026/08/06 16:25:32 [INFO    ] client 000 on sample 42 Successfully got HTTP response.
2026/08/06 16:27:32 [INFO    ] client 000 on sample 43 Successfully got HTTP response.
2026/08/06 16:29:33 [INFO    ] client 000 on sample 44 Successfully got HTTP response.
2026/08/06 16:31:33 [INFO    ] client 000 on sample 45 Successfully got HTTP response.
2026/08/06 16:33:34 [INFO    ] client 000 on sample 46 Successfully got HTTP response.
2026/08/06 16:35:34 [INFO    ] client 000 on sample 47 Successfully got HTTP response.
2026/08/06 16:37:35 [INFO    ] client 000 on sample 48 Successfully got HTTP response.
2026/08/06 16:39:35 [INFO    ] client 000 on sample 49 Successfully got HTTP response.
2026/08/06 16:41:36 [INFO    ] client 000 on sample 50 Successfully got HTTP response.
2026/08/06 16:43:36 [INFO    ] All clients have completed sampling.
2026/08/06 16:43:36 [INFO    ] HTTP GET sampling script finished. REF: /tmp/sampling_get_http_2382371/sampling_get_http_result.csv
