2026/08/03 11:18:37 [INFO    ] Start HTTP GET sampling script.
2026/08/03 11:18:37 [INFO    ] Parameters: KBYTE=90000, INTERVAL=120, SAMPLE=50, CLIENT=1, SAMPLE_PER_CLIENT=50, START_INTERVAL=120
2026/08/03 11:18:37 [INFO    ] GET URL: https://speed.cloudflare.com/__down?bytes=90000000
2026/08/03 11:18:37 [INFO    ] Client 000 started. Sampling 50 times.
2026/08/03 11:18:38 [INFO    ] client 000 on sample 1 Successfully got HTTP response.
2026/08/03 11:20:38 [INFO    ] client 000 on sample 2 Successfully got HTTP response.
2026/08/03 11:22:39 [INFO    ] client 000 on sample 3 Successfully got HTTP response.
2026/08/03 11:24:39 [INFO    ] client 000 on sample 4 Successfully got HTTP response.
2026/08/03 11:26:40 [INFO    ] client 000 on sample 5 Successfully got HTTP response.
2026/08/03 11:28:40 [INFO    ] client 000 on sample 6 Successfully got HTTP response.
2026/08/03 11:30:41 [INFO    ] client 000 on sample 7 Successfully got HTTP response.
2026/08/03 11:32:41 [INFO    ] client 000 on sample 8 Successfully got HTTP response.
2026/08/03 11:34:42 [INFO    ] client 000 on sample 9 Successfully got HTTP response.
2026/08/03 11:36:42 [INFO    ] client 000 on sample 10 Successfully got HTTP response.
2026/08/03 11:38:44 [INFO    ] client 000 on sample 11 Successfully got HTTP response.
2026/08/03 11:40:45 [INFO    ] client 000 on sample 12 Successfully got HTTP response.
2026/08/03 11:42:46 [INFO    ] client 000 on sample 13 Successfully got HTTP response.
2026/08/03 11:44:46 [INFO    ] client 000 on sample 14 Successfully got HTTP response.
2026/08/03 11:46:47 [INFO    ] client 000 on sample 15 Successfully got HTTP response.
2026/08/03 11:48:47 [INFO    ] client 000 on sample 16 Successfully got HTTP response.
2026/08/03 11:50:48 [INFO    ] client 000 on sample 17 Successfully got HTTP response.
2026/08/03 11:52:48 [INFO    ] client 000 on sample 18 Successfully got HTTP response.
2026/08/03 11:54:48 [INFO    ] client 000 on sample 19 Successfully got HTTP response.
2026/08/03 11:56:49 [INFO    ] client 000 on sample 20 Successfully got HTTP response.
2026/08/03 11:58:49 [INFO    ] client 000 on sample 21 Successfully got HTTP response.
2026/08/03 12:00:50 [INFO    ] client 000 on sample 22 Successfully got HTTP response.
2026/08/03 12:02:50 [INFO    ] client 000 on sample 23 Successfully got HTTP response.
2026/08/03 12:04:51 [INFO    ] client 000 on sample 24 Successfully got HTTP response.
2026/08/03 12:06:51 [INFO    ] client 000 on sample 25 Successfully got HTTP response.
2026/08/03 12:08:52 [INFO    ] client 000 on sample 26 Successfully got HTTP response.
2026/08/03 12:10:52 [INFO    ] client 000 on sample 27 Successfully got HTTP response.
2026/08/03 12:12:53 [INFO    ] client 000 on sample 28 Successfully got HTTP response.
2026/08/03 12:14:53 [INFO    ] client 000 on sample 29 Successfully got HTTP response.
2026/08/03 12:16:54 [INFO    ] client 000 on sample 30 Successfully got HTTP response.
2026/08/03 12:18:54 [INFO    ] client 000 on sample 31 Successfully got HTTP response.
2026/08/03 12:20:55 [INFO    ] client 000 on sample 32 Successfully got HTTP response.
2026/08/03 12:22:55 [INFO    ] client 000 on sample 33 Successfully got HTTP response.
2026/08/03 12:24:56 [INFO    ] client 000 on sample 34 Successfully got HTTP response.
2026/08/03 12:26:56 [INFO    ] client 000 on sample 35 Successfully got HTTP response.
2026/08/03 12:28:57 [INFO    ] client 000 on sample 36 Successfully got HTTP response.
2026/08/03 12:30:58 [INFO    ] client 000 on sample 37 Successfully got HTTP response.
2026/08/03 12:32:59 [INFO    ] client 000 on sample 38 Successfully got HTTP response.
2026/08/03 12:34:59 [INFO    ] client 000 on sample 39 Successfully got HTTP response.
2026/08/03 12:37:00 [INFO    ] client 000 on sample 40 Successfully got HTTP response.
2026/08/03 12:39:00 [INFO    ] client 000 on sample 41 Successfully got HTTP response.
2026/08/03 12:41:01 [INFO    ] client 000 on sample 42 Successfully got HTTP response.
2026/08/03 12:43:01 [INFO    ] client 000 on sample 43 Successfully got HTTP response.
2026/08/03 12:45:02 [INFO    ] client 000 on sample 44 Successfully got HTTP response.
2026/08/03 12:47:02 [INFO    ] client 000 on sample 45 Successfully got HTTP response.
2026/08/03 12:49:03 [INFO    ] client 000 on sample 46 Successfully got HTTP response.
2026/08/03 12:51:04 [INFO    ] client 000 on sample 47 Successfully got HTTP response.
2026/08/03 12:53:04 [INFO    ] client 000 on sample 48 Successfully got HTTP response.
2026/08/03 12:55:05 [INFO    ] client 000 on sample 49 Successfully got HTTP response.
2026/08/03 12:57:06 [INFO    ] client 000 on sample 50 Successfully got HTTP response.
2026/08/03 12:59:06 [INFO    ] All clients have completed sampling.
2026/08/03 12:59:06 [INFO    ] HTTP GET sampling script finished. REF: /tmp/sampling_get_http_1498940/sampling_get_http_result.csv
